127.0.0.1 - - [04/May/2018:12:40:27 -0300] "GET / HTTP/1.1" 200 11217
0:0:0:0:0:0:0:1 - - [04/May/2018:12:40:28 -0300] "GET /Pedro-ExerciciosCap11/novaTarefa HTTP/1.1" 404 949
127.0.0.1 - - [04/May/2018:12:40:32 -0300] "GET /Pedro-ExerciciosCap11/WEB-INF/classes/br/com/caelum/tarefas/controller/TarefasController.java HTTP/1.1" 404 949
0:0:0:0:0:0:0:1 - - [04/May/2018:12:41:36 -0300] "GET /Pedro-ExerciciosCap11/novaTarefa HTTP/1.1" 404 949
0:0:0:0:0:0:0:1 - - [04/May/2018:12:41:40 -0300] "GET /Pedro-ExerciciosCap11/novaTarefa HTTP/1.1" 404 949
127.0.0.1 - - [04/May/2018:12:41:58 -0300] "GET / HTTP/1.1" 200 11217
0:0:0:0:0:0:0:1 - - [04/May/2018:12:41:59 -0300] "GET /Pedro-ExerciciosCap11/novaTarefa HTTP/1.1" 404 949
0:0:0:0:0:0:0:1 - - [04/May/2018:12:42:02 -0300] "GET /Pedro-ExerciciosCap11/novaTarefa HTTP/1.1" 404 949
127.0.0.1 - - [04/May/2018:12:46:38 -0300] "GET / HTTP/1.1" 200 11217
0:0:0:0:0:0:0:1 - - [04/May/2018:12:46:52 -0300] "GET /Pedro-ExerciciosCap11/novaTarefa HTTP/1.1" 404 949
127.0.0.1 - - [04/May/2018:12:52:04 -0300] "GET / HTTP/1.1" 200 11217
0:0:0:0:0:0:0:1 - - [04/May/2018:12:52:15 -0300] "GET /Pedro-ExerciciosCap11/novaTarefa HTTP/1.1" 404 949
0:0:0:0:0:0:0:1 - - [04/May/2018:12:52:18 -0300] "GET /Pedro-ExerciciosCap11/novaTarefa HTTP/1.1" 404 949
127.0.0.1 - - [04/May/2018:12:53:16 -0300] "GET / HTTP/1.1" 200 11217
0:0:0:0:0:0:0:1 - - [04/May/2018:12:53:17 -0300] "GET /Pedro-ExerciciosCap11/novaTarefa HTTP/1.1" 404 949
127.0.0.1 - - [04/May/2018:12:53:17 -0300] "GET /Pedro-ExerciciosCap11/WEB-INF/web.xml HTTP/1.1" 404 949
0:0:0:0:0:0:0:1 - - [04/May/2018:12:53:19 -0300] "GET /Pedro-ExerciciosCap11/novaTarefa HTTP/1.1" 404 949
0:0:0:0:0:0:0:1 - - [04/May/2018:12:53:22 -0300] "GET /Pedro-ExerciciosCap11/novaTarefa HTTP/1.1" 404 949
127.0.0.1 - - [04/May/2018:12:56:29 -0300] "GET / HTTP/1.1" 200 11217
0:0:0:0:0:0:0:1 - - [04/May/2018:12:56:29 -0300] "GET /Pedro-ExerciciosCap11/novaTarefa HTTP/1.1" 404 949
0:0:0:0:0:0:0:1 - - [04/May/2018:12:57:28 -0300] "GET /Pedro-ExerciciosCap11/novaTarefa HTTP/1.1" 404 949
127.0.0.1 - - [04/May/2018:12:57:43 -0300] "GET / HTTP/1.1" 200 11217
0:0:0:0:0:0:0:1 - - [04/May/2018:12:57:43 -0300] "GET /Pedro-ExerciciosCap11/novaTarefa HTTP/1.1" 404 949
0:0:0:0:0:0:0:1 - - [04/May/2018:12:58:11 -0300] "GET /Pedro-ExerciciosCap11/novaTarefa HTTP/1.1" 404 949
0:0:0:0:0:0:0:1 - - [04/May/2018:12:58:41 -0300] "GET /Pedro-ExerciciosCap11//novaTarefa HTTP/1.1" 404 949
0:0:0:0:0:0:0:1 - - [04/May/2018:12:58:47 -0300] "GET /Pedro-ExerciciosCap11/novaTarefa HTTP/1.1" 404 949
0:0:0:0:0:0:0:1 - - [04/May/2018:13:00:26 -0300] "GET /Pedro-ExerciciosCap11/nolaMundoSpring HTTP/1.1" 404 949
0:0:0:0:0:0:0:1 - - [04/May/2018:13:00:30 -0300] "GET /Pedro-ExerciciosCap11/olaMundoSpring HTTP/1.1" 200 275
127.0.0.1 - - [04/May/2018:13:01:41 -0300] "GET / HTTP/1.1" 200 11217
0:0:0:0:0:0:0:1 - - [04/May/2018:13:01:42 -0300] "GET /Pedro-ExerciciosCap11/novaTarefa HTTP/1.1" 404 949
127.0.0.1 - - [04/May/2018:13:07:03 -0300] "GET / HTTP/1.1" 200 11217
0:0:0:0:0:0:0:1 - - [04/May/2018:13:07:03 -0300] "GET /Pedro-ExerciciosCap11/novaTarefa HTTP/1.1" 404 949
0:0:0:0:0:0:0:1 - - [04/May/2018:13:07:36 -0300] "GET /Pedro-ExerciciosCap11/novaTarefa HTTP/1.1" 404 949
0:0:0:0:0:0:0:1 - - [04/May/2018:13:07:39 -0300] "GET /Pedro-ExerciciosCap11/novaTarefa HTTP/1.1" 404 949
127.0.0.1 - - [04/May/2018:13:08:54 -0300] "GET / HTTP/1.1" 200 11217
0:0:0:0:0:0:0:1 - - [04/May/2018:13:08:54 -0300] "GET /Pedro-ExerciciosCap11/novaTarefa HTTP/1.1" 404 949
0:0:0:0:0:0:0:1 - - [04/May/2018:13:08:57 -0300] "GET /Pedro-ExerciciosCap11/novaTarefa HTTP/1.1" 404 949
127.0.0.1 - - [04/May/2018:13:12:44 -0300] "GET / HTTP/1.1" 200 11217
0:0:0:0:0:0:0:1 - - [04/May/2018:13:12:44 -0300] "GET /Pedro-ExerciciosCap11/novaTarefa HTTP/1.1" 404 949
0:0:0:0:0:0:0:1 - - [04/May/2018:13:12:48 -0300] "GET /Pedro-ExerciciosCap11/novaTarefa HTTP/1.1" 404 949
0:0:0:0:0:0:0:1 - - [04/May/2018:13:15:53 -0300] "GET /Pedro-ExerciciosCap11/tarefa/formulario.jsp HTTP/1.1" 404 1037
0:0:0:0:0:0:0:1 - - [04/May/2018:13:16:13 -0300] "GET /Pedro-ExerciciosCap11/ok.jsp HTTP/1.1" 404 1007
0:0:0:0:0:0:0:1 - - [04/May/2018:13:16:21 -0300] "GET /Pedro-ExerciciosCap11/ok HTTP/1.1" 404 949
0:0:0:0:0:0:0:1 - - [04/May/2018:13:16:47 -0300] "GET /Pedro-ExerciciosCap11/views/ok HTTP/1.1" 404 949
0:0:0:0:0:0:0:1 - - [04/May/2018:13:16:52 -0300] "GET /Pedro-ExerciciosCap11/views/ok.jsp HTTP/1.1" 404 1019
0:0:0:0:0:0:0:1 - - [04/May/2018:13:17:14 -0300] "GET /Pedro-ExerciciosCap11/olaMundoSpring HTTP/1.1" 200 275
127.0.0.1 - - [04/May/2018:13:18:24 -0300] "GET / HTTP/1.1" 200 11217
0:0:0:0:0:0:0:1 - - [04/May/2018:13:18:24 -0300] "GET /Pedro-ExerciciosCap11/olaMundoSpring HTTP/1.1" 200 275
0:0:0:0:0:0:0:1 - - [04/May/2018:13:18:49 -0300] "GET /Pedro-ExerciciosCap11/novaTarefa HTTP/1.1" 404 949
127.0.0.1 - - [04/May/2018:13:19:34 -0300] "GET / HTTP/1.1" 200 11217
0:0:0:0:0:0:0:1 - - [04/May/2018:13:19:34 -0300] "GET /Pedro-ExerciciosCap11/novaTarefa HTTP/1.1" 404 949
127.0.0.1 - - [04/May/2018:13:20:05 -0300] "GET / HTTP/1.1" 200 11217
0:0:0:0:0:0:0:1 - - [04/May/2018:13:20:05 -0300] "GET /Pedro-ExerciciosCap11/novaTarefa HTTP/1.1" 404 949
127.0.0.1 - - [04/May/2018:13:20:46 -0300] "GET / HTTP/1.1" 200 11217
0:0:0:0:0:0:0:1 - - [04/May/2018:13:20:53 -0300] "GET /Pedro-ExerciciosCap11/novaTarefa HTTP/1.1" 404 949
0:0:0:0:0:0:0:1 - - [04/May/2018:13:29:35 -0300] "GET /Pedro-ExerciciosCap11-/novaTarefa HTTP/1.1" 404 1017
127.0.0.1 - - [04/May/2018:13:29:36 -0300] "GET / HTTP/1.1" 200 11217
0:0:0:0:0:0:0:1 - - [04/May/2018:13:29:46 -0300] "GET /Pedro-ExerciciosCap11-/novaTarefa HTTP/1.1" 404 1017
0:0:0:0:0:0:0:1 - - [04/May/2018:13:29:49 -0300] "GET /Pedro-ExerciciosCap11-/novaTarefa HTTP/1.1" 404 1017
0:0:0:0:0:0:0:1 - - [04/May/2018:13:31:24 -0300] "GET /Pedro-ExerciciosCap11-/novaTarefa HTTP/1.1" 404 1017
127.0.0.1 - - [04/May/2018:13:31:24 -0300] "GET / HTTP/1.1" 200 11217
0:0:0:0:0:0:0:1 - - [04/May/2018:13:33:27 -0300] "GET /Pedro-ExerciciosCap11-/novaTarefa HTTP/1.1" 404 1017
127.0.0.1 - - [04/May/2018:13:33:28 -0300] "GET / HTTP/1.1" 200 11217
0:0:0:0:0:0:0:1 - - [04/May/2018:13:34:25 -0300] "GET /Pedro-ExerciciosCap11/novaTarefa HTTP/1.1" 404 949
0:0:0:0:0:0:0:1 - - [04/May/2018:13:34:33 -0300] "GET /Pedro-ExerciciosCap11-/novaTarefa HTTP/1.1" 404 1017
0:0:0:0:0:0:0:1 - - [04/May/2018:13:34:41 -0300] "GET /Pedro-ExerciciosCap11-/novaTarefa HTTP/1.1" 404 1017
0:0:0:0:0:0:0:1 - - [04/May/2018:13:36:55 -0300] "GET /Pedro-ExerciciosCap11-/novaTarefa HTTP/1.1" 500 9833
127.0.0.1 - - [04/May/2018:13:36:55 -0300] "GET / HTTP/1.1" 200 11217
0:0:0:0:0:0:0:1 - - [04/May/2018:13:38:20 -0300] "GET /Pedro-ExerciciosCap11-/novaTarefa HTTP/1.1" 500 9833
127.0.0.1 - - [04/May/2018:13:38:21 -0300] "GET / HTTP/1.1" 200 11217
0:0:0:0:0:0:0:1 - - [04/May/2018:13:38:38 -0300] "GET /Pedro-ExerciciosCap11-/novaTarefa HTTP/1.1" 500 9833
127.0.0.1 - - [04/May/2018:13:40:09 -0300] "GET / HTTP/1.1" 200 11217
0:0:0:0:0:0:0:1 - - [04/May/2018:13:40:10 -0300] "GET /Pedro-ExerciciosCap11-/novaTarefa HTTP/1.1" 200 521
0:0:0:0:0:0:0:1 - - [04/May/2018:13:40:58 -0300] "POST /Pedro-ExerciciosCap11-/adicionaTarefa HTTP/1.1" 500 7548
127.0.0.1 - - [04/May/2018:13:44:09 -0300] "GET / HTTP/1.1" 200 11217
0:0:0:0:0:0:0:1 - - [04/May/2018:13:44:09 -0300] "GET /Pedro-ExerciciosCap11-/adicionaTarefa HTTP/1.1" 500 7050
0:0:0:0:0:0:0:1 - - [04/May/2018:13:46:29 -0300] "GET /Pedro-ExerciciosCap11-/adicionaTarefa HTTP/1.1" 200 278
127.0.0.1 - - [04/May/2018:14:25:27 -0300] "GET / HTTP/1.1" 200 11217
0:0:0:0:0:0:0:1 - - [04/May/2018:14:25:27 -0300] "GET /Pedro-ExerciciosCap11-/adicionaTarefa HTTP/1.1" 200 278
0:0:0:0:0:0:0:1 - - [04/May/2018:14:25:37 -0300] "GET /Pedro-ExerciciosCap11-/novaTarefa HTTP/1.1" 200 540
0:0:0:0:0:0:0:1 - - [04/May/2018:14:25:46 -0300] "POST /Pedro-ExerciciosCap11-/adicionaTarefa HTTP/1.1" 200 614
0:0:0:0:0:0:0:1 - - [04/May/2018:14:43:25 -0300] "GET /Pedro-ExerciciosCap11-/listaTarefas HTTP/1.1" 500 8169
0:0:0:0:0:0:0:1 - - [04/May/2018:14:43:50 -0300] "GET /Pedro-ExerciciosCap11-/listaTarefas HTTP/1.1" 500 8169
127.0.0.1 - - [04/May/2018:14:43:50 -0300] "GET / HTTP/1.1" 200 11217
127.0.0.1 - - [04/May/2018:14:45:11 -0300] "GET / HTTP/1.1" 200 11217
0:0:0:0:0:0:0:1 - - [04/May/2018:14:45:18 -0300] "GET /Pedro-ExerciciosCap11-/listaTarefas HTTP/1.1" 500 6377
127.0.0.1 - - [04/May/2018:14:45:20 -0300] "GET /Pedro-ExerciciosCap11-/WEB-INF/spring-context.xml HTTP/1.1" 404 949
0:0:0:0:0:0:0:1 - - [04/May/2018:14:53:56 -0300] "GET /Pedro-ExerciciosCap11-/novaTarefa HTTP/1.1" 200 540
0:0:0:0:0:0:0:1 - - [04/May/2018:14:54:09 -0300] "POST /Pedro-ExerciciosCap11-/adicionaTarefa HTTP/1.1" 200 278
0:0:0:0:0:0:0:1 - - [04/May/2018:14:54:20 -0300] "GET /Pedro-ExerciciosCap11-/listaTarefas HTTP/1.1" 200 755
0:0:0:0:0:0:0:1 - - [04/May/2018:14:54:32 -0300] "GET /Pedro-ExerciciosCap11-/novaTarefa HTTP/1.1" 200 540
0:0:0:0:0:0:0:1 - - [04/May/2018:15:05:46 -0300] "GET /Pedro-ExerciciosCap11-/listaTarefas HTTP/1.1" 200 849
0:0:0:0:0:0:0:1 - - [04/May/2018:15:05:53 -0300] "GET /Pedro-ExerciciosCap11-/listaTarefas HTTP/1.1" 200 849
0:0:0:0:0:0:0:1 - - [04/May/2018:15:06:02 -0300] "GET /Pedro-ExerciciosCap11-/removeTarefa?id=1 HTTP/1.1" 302 -
0:0:0:0:0:0:0:1 - - [04/May/2018:15:06:02 -0300] "GET /Pedro-ExerciciosCap11-/listaTarefas HTTP/1.1" 200 503
0:0:0:0:0:0:0:1 - - [04/May/2018:15:13:17 -0300] "GET /Pedro-ExerciciosCap11-/listaTarefas HTTP/1.1" 200 503
0:0:0:0:0:0:0:1 - - [04/May/2018:15:13:29 -0300] "GET /Pedro-ExerciciosCap11-/novaTarefa HTTP/1.1" 200 540
0:0:0:0:0:0:0:1 - - [04/May/2018:15:13:39 -0300] "POST /Pedro-ExerciciosCap11-/adicionaTarefa HTTP/1.1" 200 278
0:0:0:0:0:0:0:1 - - [04/May/2018:15:13:58 -0300] "POST /Pedro-ExerciciosCap11-/adicionaTarefa HTTP/1.1" 200 278
0:0:0:0:0:0:0:1 - - [04/May/2018:15:14:18 -0300] "GET /Pedro-ExerciciosCap11-/listaTarefas HTTP/1.1" 200 1379
0:0:0:0:0:0:0:1 - - [04/May/2018:15:14:23 -0300] "GET /Pedro-ExerciciosCap11-/mostraTarefa?id=2 HTTP/1.1" 200 876
0:0:0:0:0:0:0:1 - - [04/May/2018:15:14:39 -0300] "POST /Pedro-ExerciciosCap11-/alteraTarefa HTTP/1.1" 302 -
0:0:0:0:0:0:0:1 - - [04/May/2018:15:14:39 -0300] "GET /Pedro-ExerciciosCap11-/listaTarefas HTTP/1.1" 200 1384
127.0.0.1 - - [04/May/2018:15:24:39 -0300] "GET / HTTP/1.1" 200 11217
0:0:0:0:0:0:0:1 - - [04/May/2018:15:24:43 -0300] "GET /Pedro-ExerciciosCap11-/listaTarefas HTTP/1.1" 200 1384
0:0:0:0:0:0:0:1 - - [04/May/2018:15:25:01 -0300] "GET /Pedro-ExerciciosCap11-/mostraTarefa?id=2 HTTP/1.1" 200 1130
0:0:0:0:0:0:0:1 - - [04/May/2018:15:25:15 -0300] "POST /Pedro-ExerciciosCap11-/alteraTarefa HTTP/1.1" 302 -
0:0:0:0:0:0:0:1 - - [04/May/2018:15:25:15 -0300] "GET /Pedro-ExerciciosCap11-/listaTarefas HTTP/1.1" 200 1374
0:0:0:0:0:0:0:1 - - [04/May/2018:15:25:17 -0300] "GET /Pedro-ExerciciosCap11-/mostraTarefa?id=3 HTTP/1.1" 200 1115
127.0.0.1 - - [04/May/2018:16:09:14 -0300] "GET / HTTP/1.1" 200 11217
0:0:0:0:0:0:0:1 - - [04/May/2018:16:09:17 -0300] "GET /Pedro-ExerciciosCap11-/mostraTarefa?id=3 HTTP/1.1" 200 1115
127.0.0.1 - - [04/May/2018:16:16:32 -0300] "GET / HTTP/1.1" 200 11217
0:0:0:0:0:0:0:1 - - [04/May/2018:16:16:34 -0300] "GET /Pedro-ExerciciosCap11-/mostraTarefa?id=3 HTTP/1.1" 200 1118
0:0:0:0:0:0:0:1 - - [04/May/2018:16:18:04 -0300] "GET /Pedro-ExerciciosCap11-/mostraTarefa?id=3 HTTP/1.1" 200 1118
127.0.0.1 - - [04/May/2018:16:19:48 -0300] "GET / HTTP/1.1" 200 11217
0:0:0:0:0:0:0:1 - - [04/May/2018:16:19:52 -0300] "GET /Pedro-ExerciciosCap11-/mostraTarefa?id=3 HTTP/1.1" 200 1280
0:0:0:0:0:0:0:1 - - [04/May/2018:16:19:52 -0300] "GET /Pedro-ExerciciosCap11-/JS/jquery-ui.min.css HTTP/1.1" 404 949
0:0:0:0:0:0:0:1 - - [04/May/2018:16:19:52 -0300] "GET /Pedro-ExerciciosCap11-/JS/external/jquery/jquery.js HTTP/1.1" 404 949
0:0:0:0:0:0:0:1 - - [04/May/2018:16:19:52 -0300] "GET /Pedro-ExerciciosCap11-/JS/jquery-ui.js HTTP/1.1" 404 949
127.0.0.1 - - [04/May/2018:16:21:42 -0300] "GET / HTTP/1.1" 200 11217
0:0:0:0:0:0:0:1 - - [04/May/2018:16:21:43 -0300] "GET /Pedro-ExerciciosCap11-/mostraTarefa?id=3 HTTP/1.1" 200 1280
0:0:0:0:0:0:0:1 - - [04/May/2018:16:21:43 -0300] "GET /Pedro-ExerciciosCap11-/JS/external/jquery/jquery.js HTTP/1.1" 404 949
0:0:0:0:0:0:0:1 - - [04/May/2018:16:21:43 -0300] "GET /Pedro-ExerciciosCap11-/JS/jquery-ui.min.css HTTP/1.1" 404 949
0:0:0:0:0:0:0:1 - - [04/May/2018:16:21:43 -0300] "GET /Pedro-ExerciciosCap11-/JS/jquery-ui.js HTTP/1.1" 404 949
0:0:0:0:0:0:0:1 - - [04/May/2018:16:21:44 -0300] "GET /Pedro-ExerciciosCap11-/JS/external/jquery/jquery.js HTTP/1.1" 404 949
0:0:0:0:0:0:0:1 - - [04/May/2018:16:21:44 -0300] "GET /Pedro-ExerciciosCap11-/JS/jquery-ui.js HTTP/1.1" 404 949
0:0:0:0:0:0:0:1 - - [04/May/2018:16:22:12 -0300] "GET /Pedro-ExerciciosCap11-/listaTarefas HTTP/1.1" 200 1374
0:0:0:0:0:0:0:1 - - [04/May/2018:16:22:12 -0300] "GET /Pedro-ExerciciosCap11-/mostraTarefa?id=3 HTTP/1.1" 200 1280
0:0:0:0:0:0:0:1 - - [04/May/2018:16:22:12 -0300] "GET /Pedro-ExerciciosCap11-/JS/external/jquery/jquery.js HTTP/1.1" 404 949
0:0:0:0:0:0:0:1 - - [04/May/2018:16:22:12 -0300] "GET /Pedro-ExerciciosCap11-/JS/jquery-ui.min.css HTTP/1.1" 404 949
0:0:0:0:0:0:0:1 - - [04/May/2018:16:22:12 -0300] "GET /Pedro-ExerciciosCap11-/JS/jquery-ui.js HTTP/1.1" 404 949
0:0:0:0:0:0:0:1 - - [04/May/2018:16:22:12 -0300] "GET /Pedro-ExerciciosCap11-/JS/jquery-ui.js HTTP/1.1" 404 949
0:0:0:0:0:0:0:1 - - [04/May/2018:16:23:38 -0300] "GET /Pedro-ExerciciosCap10/mvc?logica=ListaContatosLogic HTTP/1.1" 404 1001
0:0:0:0:0:0:0:1 - - [04/May/2018:16:24:18 -0300] "GET /Pedro-ExerciciosCap10/altera-contato HTTP/1.1" 404 1023
0:0:0:0:0:0:0:1 - - [04/May/2018:16:24:47 -0300] "GET /Pedro-ExerciciosCap11-/mostraTarefa?id=3 HTTP/1.1" 200 1280
0:0:0:0:0:0:0:1 - - [04/May/2018:16:24:48 -0300] "GET /Pedro-ExerciciosCap11-/JS/jquery-ui.min.css HTTP/1.1" 404 949
0:0:0:0:0:0:0:1 - - [04/May/2018:16:24:48 -0300] "GET /Pedro-ExerciciosCap11-/JS/external/jquery/jquery.js HTTP/1.1" 404 949
0:0:0:0:0:0:0:1 - - [04/May/2018:16:24:48 -0300] "GET /Pedro-ExerciciosCap11-/JS/jquery-ui.js HTTP/1.1" 404 949
0:0:0:0:0:0:0:1 - - [04/May/2018:16:24:48 -0300] "GET /Pedro-ExerciciosCap11-/JS/external/jquery/jquery.js HTTP/1.1" 404 949
0:0:0:0:0:0:0:1 - - [04/May/2018:16:24:48 -0300] "GET /Pedro-ExerciciosCap11-/JS/jquery-ui.js HTTP/1.1" 404 949
0:0:0:0:0:0:0:1 - - [04/May/2018:16:24:57 -0300] "GET /Pedro-ExerciciosCap11-/mostraTarefa?id=3 HTTP/1.1" 200 1280
0:0:0:0:0:0:0:1 - - [04/May/2018:16:24:57 -0300] "GET /Pedro-ExerciciosCap11-/JS/jquery-ui.min.css HTTP/1.1" 404 949
0:0:0:0:0:0:0:1 - - [04/May/2018:16:24:57 -0300] "GET /Pedro-ExerciciosCap11-/JS/external/jquery/jquery.js HTTP/1.1" 404 949
0:0:0:0:0:0:0:1 - - [04/May/2018:16:24:57 -0300] "GET /Pedro-ExerciciosCap11-/JS/jquery-ui.js HTTP/1.1" 404 949
0:0:0:0:0:0:0:1 - - [04/May/2018:16:26:27 -0300] "GET /Pedro-ExerciciosCap11-/mostraTarefa?id=3 HTTP/1.1" 200 1280
0:0:0:0:0:0:0:1 - - [04/May/2018:16:26:27 -0300] "GET /Pedro-ExerciciosCap11-/JS/jquery-ui.min.css HTTP/1.1" 404 949
0:0:0:0:0:0:0:1 - - [04/May/2018:16:26:27 -0300] "GET /Pedro-ExerciciosCap11-/JS/external/jquery/jquery.js HTTP/1.1" 404 949
0:0:0:0:0:0:0:1 - - [04/May/2018:16:26:27 -0300] "GET /Pedro-ExerciciosCap11-/JS/jquery-ui.js HTTP/1.1" 404 949
127.0.0.1 - - [04/May/2018:16:38:46 -0300] "GET / HTTP/1.1" 200 11217
0:0:0:0:0:0:0:1 - - [04/May/2018:16:38:58 -0300] "GET /Pedro-ExerciciosCap11-/mostraTarefa?id=3 HTTP/1.1" 404 1021
0:0:0:0:0:0:0:1 - - [04/May/2018:16:39:09 -0300] "GET /Pedro-ExerciciosCap11-/mostraTarefa?id=3 HTTP/1.1" 404 1021
0:0:0:0:0:0:0:1 - - [04/May/2018:16:39:25 -0300] "GET /Pedro-ExerciciosCap11-/mostraTarefa?id=3 HTTP/1.1" 404 1021
127.0.0.1 - - [04/May/2018:16:39:25 -0300] "GET / HTTP/1.1" 200 11217
0:0:0:0:0:0:0:1 - - [04/May/2018:16:39:38 -0300] "GET /Pedro-ExerciciosCap11-/listaTarefas HTTP/1.1" 404 1021
0:0:0:0:0:0:0:1 - - [04/May/2018:16:40:29 -0300] "GET /Pedro-ExerciciosCap11-/listaTarefas HTTP/1.1" 404 1021
0:0:0:0:0:0:0:1 - - [04/May/2018:16:41:13 -0300] "GET /Pedro-ExerciciosCap11-/listaTarefas HTTP/1.1" 404 1021
127.0.0.1 - - [04/May/2018:16:41:40 -0300] "GET / HTTP/1.1" 200 11217
0:0:0:0:0:0:0:1 - - [04/May/2018:16:41:58 -0300] "GET /Pedro-ExerciciosCap11-/listaTarefas HTTP/1.1" 404 1021
0:0:0:0:0:0:0:1 - - [04/May/2018:16:42:01 -0300] "GET /Pedro-ExerciciosCap11-/listaTarefas HTTP/1.1" 404 1021
127.0.0.1 - - [04/May/2018:16:44:13 -0300] "GET / HTTP/1.1" 200 11217
0:0:0:0:0:0:0:1 - - [04/May/2018:16:44:16 -0300] "GET /Pedro-ExerciciosCap11-/listaTarefas HTTP/1.1" 200 1374
0:0:0:0:0:0:0:1 - - [04/May/2018:16:44:23 -0300] "GET /Pedro-ExerciciosCap11-/mostraTarefa?id=2 HTTP/1.1" 200 1297
0:0:0:0:0:0:0:1 - - [04/May/2018:16:44:24 -0300] "GET /Pedro-ExerciciosCap11-/JS/jquery-ui.min.css HTTP/1.1" 404 949
0:0:0:0:0:0:0:1 - - [04/May/2018:16:44:24 -0300] "GET /Pedro-ExerciciosCap11-/JS/external/jquery/jquery.js HTTP/1.1" 404 949
0:0:0:0:0:0:0:1 - - [04/May/2018:16:44:24 -0300] "GET /Pedro-ExerciciosCap11-/JS/jquery-ui.js HTTP/1.1" 404 949
0:0:0:0:0:0:0:1 - - [04/May/2018:16:44:52 -0300] "POST /Pedro-ExerciciosCap11-/alteraTarefa HTTP/1.1" 302 -
0:0:0:0:0:0:0:1 - - [04/May/2018:16:44:53 -0300] "GET /Pedro-ExerciciosCap11-/listaTarefas HTTP/1.1" 200 1384
127.0.0.1 - - [04/May/2018:16:46:18 -0300] "GET / HTTP/1.1" 200 11217
0:0:0:0:0:0:0:1 - - [04/May/2018:16:46:20 -0300] "GET /Pedro-ExerciciosCap11-/mostraTarefa?id=2 HTTP/1.1" 200 1297
0:0:0:0:0:0:0:1 - - [04/May/2018:16:46:20 -0300] "GET /Pedro-ExerciciosCap11-/JS/jquery-ui.min.css HTTP/1.1" 404 949
0:0:0:0:0:0:0:1 - - [04/May/2018:16:46:20 -0300] "GET /Pedro-ExerciciosCap11-/JS/jquery-ui.js HTTP/1.1" 404 949
0:0:0:0:0:0:0:1 - - [04/May/2018:16:46:20 -0300] "GET /Pedro-ExerciciosCap11-/JS/external/jquery/jquery.js HTTP/1.1" 404 949
0:0:0:0:0:0:0:1 - - [04/May/2018:16:46:20 -0300] "GET /Pedro-ExerciciosCap11-/JS/jquery-ui.js HTTP/1.1" 404 949
127.0.0.1 - - [04/May/2018:17:27:01 -0300] "GET / HTTP/1.1" 200 11217
0:0:0:0:0:0:0:1 - - [04/May/2018:17:27:08 -0300] "GET /Pedro-ExerciciosCap11-/listaTarefas HTTP/1.1" 200 1384
0:0:0:0:0:0:0:1 - - [04/May/2018:17:27:39 -0300] "GET /Pedro-ExerciciosCap11-/mostraTarefa?id=2 HTTP/1.1" 200 1297
0:0:0:0:0:0:0:1 - - [04/May/2018:17:27:39 -0300] "GET /Pedro-ExerciciosCap11-/JS/jquery-ui.min.css HTTP/1.1" 404 949
0:0:0:0:0:0:0:1 - - [04/May/2018:17:27:39 -0300] "GET /Pedro-ExerciciosCap11-/JS/external/jquery/jquery.js HTTP/1.1" 404 949
0:0:0:0:0:0:0:1 - - [04/May/2018:17:27:39 -0300] "GET /Pedro-ExerciciosCap11-/JS/jquery-ui.js HTTP/1.1" 404 949
0:0:0:0:0:0:0:1 - - [04/May/2018:17:28:23 -0300] "POST /Pedro-ExerciciosCap11-/alteraTarefa HTTP/1.1" 302 -
0:0:0:0:0:0:0:1 - - [04/May/2018:17:28:23 -0300] "GET /Pedro-ExerciciosCap11-/listaTarefas HTTP/1.1" 200 1384
0:0:0:0:0:0:0:1 - - [04/May/2018:17:30:32 -0300] "GET /Pedro-ExerciciosCap11--/listaTarefas HTTP/1.1" 404 1023
0:0:0:0:0:0:0:1 - - [04/May/2018:17:30:49 -0300] "GET /Pedro-ExerciciosCap11-/listaTarefas HTTP/1.1" 200 1384
127.0.0.1 - - [04/May/2018:17:31:14 -0300] "GET / HTTP/1.1" 200 11217
0:0:0:0:0:0:0:1 - - [04/May/2018:17:31:14 -0300] "GET /Pedro-ExerciciosCap11-/mostraTarefa?id=2 HTTP/1.1" 200 1297
0:0:0:0:0:0:0:1 - - [04/May/2018:17:31:14 -0300] "GET /Pedro-ExerciciosCap11-/JS/jquery-ui.min.css HTTP/1.1" 404 949
0:0:0:0:0:0:0:1 - - [04/May/2018:17:31:14 -0300] "GET /Pedro-ExerciciosCap11-/JS/external/jquery/jquery.js HTTP/1.1" 404 949
0:0:0:0:0:0:0:1 - - [04/May/2018:17:31:14 -0300] "GET /Pedro-ExerciciosCap11-/JS/jquery-ui.js HTTP/1.1" 404 949
0:0:0:0:0:0:0:1 - - [04/May/2018:17:31:14 -0300] "GET /Pedro-ExerciciosCap11-/JS/jquery-ui.js HTTP/1.1" 404 949
0:0:0:0:0:0:0:1 - - [04/May/2018:17:36:40 -0300] "GET /Pedro-ExerciciosCap11-/mostraTarefa?id=2 HTTP/1.1" 200 1297
0:0:0:0:0:0:0:1 - - [04/May/2018:17:36:41 -0300] "GET /Pedro-ExerciciosCap11-/JS/jquery-ui.js HTTP/1.1" 404 949
0:0:0:0:0:0:0:1 - - [04/May/2018:17:36:41 -0300] "GET /Pedro-ExerciciosCap11-/JS/jquery-ui.min.css HTTP/1.1" 404 949
0:0:0:0:0:0:0:1 - - [04/May/2018:17:36:41 -0300] "GET /Pedro-ExerciciosCap11-/JS/external/jquery/jquery.js HTTP/1.1" 404 949
0:0:0:0:0:0:0:1 - - [04/May/2018:17:36:41 -0300] "GET /Pedro-ExerciciosCap11-/JS/jquery-ui.js HTTP/1.1" 404 949
