0:0:0:0:0:0:0:1 - - [07/May/2018:12:57:19 -0300] "GET /Pedro-ExerciciosCap11-/novaTarefa HTTP/1.1" 500 9923
127.0.0.1 - - [07/May/2018:12:57:19 -0300] "GET / HTTP/1.1" 200 11217
0:0:0:0:0:0:0:1 - - [07/May/2018:12:57:35 -0300] "GET /Pedro-ExerciciosCap11-/novaTarefa HTTP/1.1" 500 9923
0:0:0:0:0:0:0:1 - - [07/May/2018:12:57:35 -0300] "GET /favicon.ico HTTP/1.1" 200 21630
0:0:0:0:0:0:0:1 - - [07/May/2018:12:57:37 -0300] "GET /Pedro-ExerciciosCap11-/novaTarefa HTTP/1.1" 500 9923
127.0.0.1 - - [07/May/2018:12:57:54 -0300] "GET / HTTP/1.1" 200 11217
0:0:0:0:0:0:0:1 - - [07/May/2018:12:57:57 -0300] "GET /Pedro-ExerciciosCap11-/novaTarefa HTTP/1.1" 500 9923
0:0:0:0:0:0:0:1 - - [07/May/2018:12:58:33 -0300] "GET /Pedro-ExerciciosCap11-/novaTarefa HTTP/1.1" 500 9923
127.0.0.1 - - [07/May/2018:12:58:57 -0300] "GET / HTTP/1.1" 200 11217
0:0:0:0:0:0:0:1 - - [07/May/2018:12:58:58 -0300] "GET /Pedro-ExerciciosCap11-/novaTarefa HTTP/1.1" 200 540
0:0:0:0:0:0:0:1 - - [07/May/2018:12:58:58 -0300] "GET /Pedro-ExerciciosCap11-/novaTarefa HTTP/1.1" 200 540
0:0:0:0:0:0:0:1 - - [07/May/2018:12:59:05 -0300] "POST /Pedro-ExerciciosCap11-/adicionaTarefa HTTP/1.1" 200 614
0:0:0:0:0:0:0:1 - - [07/May/2018:13:00:17 -0300] "GET /Pedro-ExerciciosCap11-/listaTarefas HTTP/1.1" 500 7539
0:0:0:0:0:0:0:1 - - [07/May/2018:13:00:55 -0300] "GET /Pedro-ExerciciosCap11-/listaTarefas HTTP/1.1" 200 1289
0:0:0:0:0:0:0:1 - - [07/May/2018:13:04:13 -0300] "GET /Pedro-ExerciciosCap11-/mostraTarefa?id=2 HTTP/1.1" 200 1072
0:0:0:0:0:0:0:1 - - [07/May/2018:13:04:13 -0300] "GET /Pedro-ExerciciosCap11-/JS/jquery-ui.min.css HTTP/1.1" 200 30747
0:0:0:0:0:0:0:1 - - [07/May/2018:13:04:13 -0300] "GET /Pedro-ExerciciosCap11-/JS/external/jquery/jquery.js HTTP/1.1" 200 293430
0:0:0:0:0:0:0:1 - - [07/May/2018:13:04:13 -0300] "GET /Pedro-ExerciciosCap11-/JS/jquery-ui.js HTTP/1.1" 200 520714
127.0.0.1 - - [07/May/2018:13:05:09 -0300] "GET / HTTP/1.1" 200 11217
0:0:0:0:0:0:0:1 - - [07/May/2018:13:05:10 -0300] "GET /Pedro-ExerciciosCap11-/listaTarefas HTTP/1.1" 200 1289
127.0.0.1 - - [07/May/2018:13:06:41 -0300] "GET / HTTP/1.1" 200 11217
0:0:0:0:0:0:0:1 - - [07/May/2018:13:06:43 -0300] "GET /Pedro-ExerciciosCap11-/listaTarefas HTTP/1.1" 200 1361
0:0:0:0:0:0:0:1 - - [07/May/2018:13:06:43 -0300] "GET /Pedro-ExerciciosCap11-/resources/js/jquery.js HTTP/1.1" 200 293430
0:0:0:0:0:0:0:1 - - [07/May/2018:13:06:48 -0300] "POST /Pedro-ExerciciosCap11-/finalizaTarefa HTTP/1.1" 200 -
0:0:0:0:0:0:0:1 - - [07/May/2018:13:06:54 -0300] "GET /Pedro-ExerciciosCap11-/novaTarefa HTTP/1.1" 200 540
0:0:0:0:0:0:0:1 - - [07/May/2018:13:06:59 -0300] "POST /Pedro-ExerciciosCap11-/adicionaTarefa HTTP/1.1" 200 278
0:0:0:0:0:0:0:1 - - [07/May/2018:13:07:03 -0300] "GET /Pedro-ExerciciosCap11-/adicionaTarefa HTTP/1.1" 200 278
0:0:0:0:0:0:0:1 - - [07/May/2018:13:07:10 -0300] "GET /Pedro-ExerciciosCap11-/novaTarefa HTTP/1.1" 200 540
0:0:0:0:0:0:0:1 - - [07/May/2018:13:07:15 -0300] "POST /Pedro-ExerciciosCap11-/adicionaTarefa HTTP/1.1" 200 278
0:0:0:0:0:0:0:1 - - [07/May/2018:13:07:19 -0300] "GET /Pedro-ExerciciosCap11-/listaTarefas HTTP/1.1" 200 2190
0:0:0:0:0:0:0:1 - - [07/May/2018:13:07:26 -0300] "GET /Pedro-ExerciciosCap11-/removeTarefa?id=5 HTTP/1.1" 302 -
0:0:0:0:0:0:0:1 - - [07/May/2018:13:07:27 -0300] "GET /Pedro-ExerciciosCap11-/listaTarefas HTTP/1.1" 200 1911
0:0:0:0:0:0:0:1 - - [07/May/2018:13:07:30 -0300] "POST /Pedro-ExerciciosCap11-/finalizaTarefa HTTP/1.1" 200 -
127.0.0.1 - - [07/May/2018:13:12:57 -0300] "GET / HTTP/1.1" 200 11217
0:0:0:0:0:0:0:1 - - [07/May/2018:13:12:58 -0300] "GET /Pedro-ExerciciosCap11-/listaTarefas HTTP/1.1" 200 2239
127.0.0.1 - - [07/May/2018:13:27:07 -0300] "GET / HTTP/1.1" 200 11217
0:0:0:0:0:0:0:1 - - [07/May/2018:13:27:08 -0300] "GET /Pedro-ExerciciosCap11-/listaTarefas HTTP/1.1" 200 2303
0:0:0:0:0:0:0:1 - - [07/May/2018:13:27:14 -0300] "GET /Pedro-ExerciciosCap11-/removeTarefa?id=4 HTTP/1.1" 302 -
0:0:0:0:0:0:0:1 - - [07/May/2018:13:27:14 -0300] "GET /Pedro-ExerciciosCap11-/listaTarefas HTTP/1.1" 200 1964
0:0:0:0:0:0:0:1 - - [07/May/2018:13:47:06 -0300] "GET /Pedro-ExerciciosCap11-/listaTarefas HTTP/1.1" 200 2151
127.0.0.1 - - [07/May/2018:13:47:23 -0300] "GET / HTTP/1.1" 200 11217
0:0:0:0:0:0:0:1 - - [07/May/2018:13:47:24 -0300] "GET /Pedro-ExerciciosCap11-/listaTarefas HTTP/1.1" 200 2151
0:0:0:0:0:0:0:1 - - [07/May/2018:13:47:28 -0300] "POST /Pedro-ExerciciosCap11-/finalizaTarefa HTTP/1.1" 200 17
0:0:0:0:0:0:0:1 - - [07/May/2018:13:47:38 -0300] "POST /Pedro-ExerciciosCap11-/finalizaTarefa HTTP/1.1" 200 17
127.0.0.1 - - [07/May/2018:13:53:25 -0300] "GET / HTTP/1.1" 200 11217
0:0:0:0:0:0:0:1 - - [07/May/2018:13:53:28 -0300] "GET /Pedro-ExerciciosCap11-/listaTarefas HTTP/1.1" 200 1720
0:0:0:0:0:0:0:1 - - [07/May/2018:13:53:36 -0300] "GET /Pedro-ExerciciosCap11-/novaTarefa HTTP/1.1" 200 540
0:0:0:0:0:0:0:1 - - [07/May/2018:13:53:48 -0300] "POST /Pedro-ExerciciosCap11-/adicionaTarefa HTTP/1.1" 200 278
0:0:0:0:0:0:0:1 - - [07/May/2018:13:53:53 -0300] "GET /Pedro-ExerciciosCap11-/novaTarefa HTTP/1.1" 200 540
0:0:0:0:0:0:0:1 - - [07/May/2018:13:54:11 -0300] "POST /Pedro-ExerciciosCap11-/adicionaTarefa HTTP/1.1" 200 278
0:0:0:0:0:0:0:1 - - [07/May/2018:13:54:16 -0300] "GET /Pedro-ExerciciosCap11-/listaTarefas HTTP/1.1" 200 2238
0:0:0:0:0:0:0:1 - - [07/May/2018:13:54:19 -0300] "POST /Pedro-ExerciciosCap11-/finalizaTarefa HTTP/1.1" 200 17
0:0:0:0:0:0:0:1 - - [07/May/2018:13:54:35 -0300] "GET /Pedro-ExerciciosCap11-/listaTarefas HTTP/1.1" 200 2197
0:0:0:0:0:0:0:1 - - [07/May/2018:13:56:50 -0300] "POST /Pedro-ExerciciosCap11-/finalizaTarefa HTTP/1.1" 200 17
0:0:0:0:0:0:0:1 - - [07/May/2018:13:56:55 -0300] "GET /Pedro-ExerciciosCap11-/listaTarefas HTTP/1.1" 200 2156
0:0:0:0:0:0:0:1 - - [07/May/2018:13:57:05 -0300] "GET /Pedro-ExerciciosCap11-/listaTarefas HTTP/1.1" 200 2156
127.0.0.1 - - [07/May/2018:13:57:45 -0300] "GET / HTTP/1.1" 200 11217
0:0:0:0:0:0:0:1 - - [07/May/2018:13:57:47 -0300] "GET /Pedro-ExerciciosCap11-/listaTarefas HTTP/1.1" 200 2546
0:0:0:0:0:0:0:1 - - [07/May/2018:13:57:52 -0300] "GET /Pedro-ExerciciosCap11-/mostraTarefa?id=8 HTTP/1.1" 200 1066
0:0:0:0:0:0:0:1 - - [07/May/2018:13:58:00 -0300] "POST /Pedro-ExerciciosCap11-/alteraTarefa HTTP/1.1" 302 -
0:0:0:0:0:0:0:1 - - [07/May/2018:13:58:00 -0300] "GET /Pedro-ExerciciosCap11-/listaTarefas HTTP/1.1" 200 2600
0:0:0:0:0:0:0:1 - - [07/May/2018:13:58:04 -0300] "GET /Pedro-ExerciciosCap11-/removeTarefa?id=6 HTTP/1.1" 302 -
0:0:0:0:0:0:0:1 - - [07/May/2018:13:58:05 -0300] "GET /Pedro-ExerciciosCap11-/listaTarefas HTTP/1.1" 200 2300
0:0:0:0:0:0:0:1 - - [07/May/2018:13:58:07 -0300] "POST /Pedro-ExerciciosCap11-/finalizaTarefa HTTP/1.1" 200 17
0:0:0:0:0:0:0:1 - - [07/May/2018:14:01:01 -0300] "GET /Pedro-ExerciciosCap11-/listaTarefas HTTP/1.1" 200 2249
0:0:0:0:0:0:0:1 - - [07/May/2018:14:01:06 -0300] "GET /Pedro-ExerciciosCap11-/mostraTarefa?id=3 HTTP/1.1" 200 1064
0:0:0:0:0:0:0:1 - - [07/May/2018:14:01:09 -0300] "POST /Pedro-ExerciciosCap11-/alteraTarefa HTTP/1.1" 302 -
0:0:0:0:0:0:0:1 - - [07/May/2018:14:01:09 -0300] "GET /Pedro-ExerciciosCap11-/listaTarefas HTTP/1.1" 200 2300
0:0:0:0:0:0:0:1 - - [07/May/2018:14:01:11 -0300] "POST /Pedro-ExerciciosCap11-/finalizaTarefa HTTP/1.1" 200 17
0:0:0:0:0:0:0:1 - - [07/May/2018:14:02:00 -0300] "POST /Pedro-ExerciciosCap11-/finalizaTarefa HTTP/1.1" 200 17
0:0:0:0:0:0:0:1 - - [07/May/2018:14:02:02 -0300] "POST /Pedro-ExerciciosCap11-/finalizaTarefa HTTP/1.1" 200 17
0:0:0:0:0:0:0:1 - - [07/May/2018:14:02:03 -0300] "POST /Pedro-ExerciciosCap11-/finalizaTarefa HTTP/1.1" 200 17
0:0:0:0:0:0:0:1 - - [07/May/2018:14:02:04 -0300] "POST /Pedro-ExerciciosCap11-/finalizaTarefa HTTP/1.1" 200 17
0:0:0:0:0:0:0:1 - - [07/May/2018:14:02:06 -0300] "GET /Pedro-ExerciciosCap11-/listaTarefas HTTP/1.1" 200 2249
0:0:0:0:0:0:0:1 - - [07/May/2018:14:05:07 -0300] "GET /Pedro-ExerciciosCap11-/mostraTarefa?id=2 HTTP/1.1" 200 1072
0:0:0:0:0:0:0:1 - - [07/May/2018:14:05:10 -0300] "POST /Pedro-ExerciciosCap11-/alteraTarefa HTTP/1.1" 302 -
0:0:0:0:0:0:0:1 - - [07/May/2018:14:05:10 -0300] "GET /Pedro-ExerciciosCap11-/listaTarefas HTTP/1.1" 200 2300
0:0:0:0:0:0:0:1 - - [07/May/2018:14:05:13 -0300] "POST /Pedro-ExerciciosCap11-/finalizaTarefa HTTP/1.1" 200 17
0:0:0:0:0:0:0:1 - - [07/May/2018:14:05:22 -0300] "GET /Pedro-ExerciciosCap11-/listaTarefas HTTP/1.1" 200 2249
0:0:0:0:0:0:0:1 - - [07/May/2018:14:07:08 -0300] "GET /Pedro-ExerciciosCap11-/listaTarefas HTTP/1.1" 200 2249
127.0.0.1 - - [07/May/2018:14:07:33 -0300] "GET / HTTP/1.1" 200 11217
0:0:0:0:0:0:0:1 - - [07/May/2018:14:07:34 -0300] "GET /Pedro-ExerciciosCap11-/listaTarefas HTTP/1.1" 200 2249
0:0:0:0:0:0:0:1 - - [07/May/2018:14:07:36 -0300] "GET /Pedro-ExerciciosCap11-/mostraTarefa?id=2 HTTP/1.1" 200 1072
0:0:0:0:0:0:0:1 - - [07/May/2018:14:07:38 -0300] "POST /Pedro-ExerciciosCap11-/alteraTarefa HTTP/1.1" 302 -
0:0:0:0:0:0:0:1 - - [07/May/2018:14:07:38 -0300] "GET /Pedro-ExerciciosCap11-/listaTarefas HTTP/1.1" 200 2300
0:0:0:0:0:0:0:1 - - [07/May/2018:14:07:40 -0300] "POST /Pedro-ExerciciosCap11-/finalizaTarefa HTTP/1.1" 200 17
0:0:0:0:0:0:0:1 - - [07/May/2018:14:10:33 -0300] "GET /Pedro-ExerciciosCap11-/listaTarefas HTTP/1.1" 200 2249
127.0.0.1 - - [07/May/2018:14:11:06 -0300] "GET / HTTP/1.1" 200 11217
0:0:0:0:0:0:0:1 - - [07/May/2018:14:11:06 -0300] "GET /Pedro-ExerciciosCap11-/listaTarefas HTTP/1.1" 200 2249
0:0:0:0:0:0:0:1 - - [07/May/2018:14:11:13 -0300] "GET /Pedro-ExerciciosCap11-/mostraTarefa?id=7 HTTP/1.1" 200 1072
0:0:0:0:0:0:0:1 - - [07/May/2018:14:11:17 -0300] "POST /Pedro-ExerciciosCap11-/alteraTarefa HTTP/1.1" 302 -
0:0:0:0:0:0:0:1 - - [07/May/2018:14:11:17 -0300] "GET /Pedro-ExerciciosCap11-/listaTarefas HTTP/1.1" 200 2300
0:0:0:0:0:0:0:1 - - [07/May/2018:14:11:19 -0300] "POST /Pedro-ExerciciosCap11-/finalizaTarefa HTTP/1.1" 200 17
127.0.0.1 - - [07/May/2018:14:12:26 -0300] "GET / HTTP/1.1" 200 11217
0:0:0:0:0:0:0:1 - - [07/May/2018:14:12:29 -0300] "GET /Pedro-ExerciciosCap11-/listaTarefas HTTP/1.1" 200 2249
0:0:0:0:0:0:0:1 - - [07/May/2018:14:12:32 -0300] "GET /Pedro-ExerciciosCap11-/mostraTarefa?id=3 HTTP/1.1" 200 1064
0:0:0:0:0:0:0:1 - - [07/May/2018:14:12:34 -0300] "POST /Pedro-ExerciciosCap11-/alteraTarefa HTTP/1.1" 302 -
0:0:0:0:0:0:0:1 - - [07/May/2018:14:12:34 -0300] "GET /Pedro-ExerciciosCap11-/listaTarefas HTTP/1.1" 200 2300
0:0:0:0:0:0:0:1 - - [07/May/2018:14:12:35 -0300] "POST /Pedro-ExerciciosCap11-/finalizaTarefa HTTP/1.1" 200 17
127.0.0.1 - - [07/May/2018:14:13:04 -0300] "GET / HTTP/1.1" 200 11217
0:0:0:0:0:0:0:1 - - [07/May/2018:14:13:05 -0300] "GET /Pedro-ExerciciosCap11-/listaTarefas HTTP/1.1" 200 2249
0:0:0:0:0:0:0:1 - - [07/May/2018:14:13:08 -0300] "GET /Pedro-ExerciciosCap11-/listaTarefas HTTP/1.1" 200 2249
0:0:0:0:0:0:0:1 - - [07/May/2018:14:13:10 -0300] "GET /Pedro-ExerciciosCap11-/mostraTarefa?id=2 HTTP/1.1" 200 1072
0:0:0:0:0:0:0:1 - - [07/May/2018:14:13:12 -0300] "POST /Pedro-ExerciciosCap11-/alteraTarefa HTTP/1.1" 302 -
0:0:0:0:0:0:0:1 - - [07/May/2018:14:13:12 -0300] "GET /Pedro-ExerciciosCap11-/listaTarefas HTTP/1.1" 200 2300
0:0:0:0:0:0:0:1 - - [07/May/2018:14:13:13 -0300] "POST /Pedro-ExerciciosCap11-/finalizaTarefa HTTP/1.1" 200 17
127.0.0.1 - - [07/May/2018:14:13:55 -0300] "GET / HTTP/1.1" 200 11217
0:0:0:0:0:0:0:1 - - [07/May/2018:14:13:56 -0300] "GET /Pedro-ExerciciosCap11-/listaTarefas HTTP/1.1" 200 2249
0:0:0:0:0:0:0:1 - - [07/May/2018:14:13:57 -0300] "GET /Pedro-ExerciciosCap11-/mostraTarefa?id=2 HTTP/1.1" 200 1072
0:0:0:0:0:0:0:1 - - [07/May/2018:14:13:59 -0300] "POST /Pedro-ExerciciosCap11-/alteraTarefa HTTP/1.1" 302 -
0:0:0:0:0:0:0:1 - - [07/May/2018:14:13:59 -0300] "GET /Pedro-ExerciciosCap11-/listaTarefas HTTP/1.1" 200 2300
0:0:0:0:0:0:0:1 - - [07/May/2018:14:14:02 -0300] "POST /Pedro-ExerciciosCap11-/finalizaTarefa HTTP/1.1" 200 17
0:0:0:0:0:0:0:1 - - [07/May/2018:14:23:17 -0300] "GET /Pedro-ExerciciosCap11-/listaTarefas HTTP/1.1" 404 1021
127.0.0.1 - - [07/May/2018:14:23:18 -0300] "GET / HTTP/1.1" 200 11217
0:0:0:0:0:0:0:1 - - [07/May/2018:14:23:20 -0300] "GET /Pedro-ExerciciosCap11/listaTarefas HTTP/1.1" 200 2249
0:0:0:0:0:0:0:1 - - [07/May/2018:14:23:27 -0300] "GET /Pedro-ExerciciosCap11/resources/js/jquery.js HTTP/1.1" 200 293430
0:0:0:0:0:0:0:1 - - [07/May/2018:14:23:33 -0300] "GET /Pedro-ExerciciosCap11/mostraTarefa?id=2 HTTP/1.1" 200 1072
0:0:0:0:0:0:0:1 - - [07/May/2018:14:23:33 -0300] "GET /Pedro-ExerciciosCap11/JS/jquery-ui.min.css HTTP/1.1" 200 30747
0:0:0:0:0:0:0:1 - - [07/May/2018:14:23:35 -0300] "GET /Pedro-ExerciciosCap11/JS/external/jquery/jquery.js HTTP/1.1" 200 293430
0:0:0:0:0:0:0:1 - - [07/May/2018:14:23:35 -0300] "GET /Pedro-ExerciciosCap11/JS/jquery-ui.js HTTP/1.1" 200 520714
0:0:0:0:0:0:0:1 - - [07/May/2018:14:23:39 -0300] "POST /Pedro-ExerciciosCap11/alteraTarefa HTTP/1.1" 302 -
0:0:0:0:0:0:0:1 - - [07/May/2018:14:23:39 -0300] "GET /Pedro-ExerciciosCap11/listaTarefas HTTP/1.1" 200 2300
0:0:0:0:0:0:0:1 - - [07/May/2018:14:23:39 -0300] "GET /Pedro-ExerciciosCap11/resources/js/jquery.js HTTP/1.1" 304 -
0:0:0:0:0:0:0:1 - - [07/May/2018:14:23:42 -0300] "POST /Pedro-ExerciciosCap11/finalizaTarefa HTTP/1.1" 200 17
127.0.0.1 - - [07/May/2018:14:43:40 -0300] "GET / HTTP/1.1" 200 11217
0:0:0:0:0:0:0:1 - - [07/May/2018:14:43:54 -0300] "GET /Pedro-ExerciciosCap12/loginForm HTTP/1.1" 404 1013
0:0:0:0:0:0:0:1 - - [07/May/2018:14:44:33 -0300] "GET /Pedro-ExerciciosCap12/loginForm HTTP/1.1" 404 1013
127.0.0.1 - - [07/May/2018:14:44:33 -0300] "GET / HTTP/1.1" 200 11217
0:0:0:0:0:0:0:1 - - [07/May/2018:14:45:21 -0300] "GET /Pedro-ExerciciosCap12/loginForm HTTP/1.1" 404 1013
0:0:0:0:0:0:0:1 - - [07/May/2018:14:46:01 -0300] "GET /Pedro-ExerciciosCap12/loginForm HTTP/1.1" 404 1013
127.0.0.1 - - [07/May/2018:14:46:01 -0300] "GET / HTTP/1.1" 200 11217
0:0:0:0:0:0:0:1 - - [07/May/2018:14:46:09 -0300] "GET /Pedro-ExerciciosCap12/loginForm HTTP/1.1" 404 1013
127.0.0.1 - - [07/May/2018:14:46:10 -0300] "GET /Pedro-ExerciciosCap12/WEB-INF/views/menu.jsp HTTP/1.1" 404 949
0:0:0:0:0:0:0:1 - - [07/May/2018:14:52:32 -0300] "GET /Pedro-ExerciciosCap12/loginForm HTTP/1.1" 404 1013
127.0.0.1 - - [07/May/2018:14:52:33 -0300] "GET / HTTP/1.1" 200 11217
0:0:0:0:0:0:0:1 - - [07/May/2018:14:52:47 -0300] "GET /Pedro-ExerciciosCap11-/listaTarefas HTTP/1.1" 200 2249
0:0:0:0:0:0:0:1 - - [07/May/2018:14:52:53 -0300] "GET /Pedro-ExerciciosCap11-/mostraTarefa?id=7 HTTP/1.1" 200 1072
0:0:0:0:0:0:0:1 - - [07/May/2018:14:52:58 -0300] "POST /Pedro-ExerciciosCap11-/alteraTarefa HTTP/1.1" 302 -
0:0:0:0:0:0:0:1 - - [07/May/2018:14:52:58 -0300] "GET /Pedro-ExerciciosCap11-/listaTarefas HTTP/1.1" 200 2300
0:0:0:0:0:0:0:1 - - [07/May/2018:14:53:01 -0300] "POST /Pedro-ExerciciosCap11-/finalizaTarefa HTTP/1.1" 200 17
0:0:0:0:0:0:0:1 - - [07/May/2018:14:54:41 -0300] "GET /Pedro-ExerciciosCap11-/loginForm HTTP/1.1" 404 1015
127.0.0.1 - - [07/May/2018:14:54:41 -0300] "GET / HTTP/1.1" 200 11217
0:0:0:0:0:0:0:1 - - [07/May/2018:14:54:46 -0300] "GET /Pedro-ExerciciosCap11-/loginForm HTTP/1.1" 404 1015
0:0:0:0:0:0:0:1 - - [07/May/2018:15:08:44 -0300] "GET /Pedro-ExerciciosCap11-/loginForm HTTP/1.1" 404 1015
0:0:0:0:0:0:0:1 - - [07/May/2018:15:09:13 -0300] "GET /Pedro-ExerciciosCap11-/listaTarefas HTTP/1.1" 200 2249
0:0:0:0:0:0:0:1 - - [07/May/2018:15:09:44 -0300] "GET /Pedro-ExerciciosCap11-/loginForm HTTP/1.1" 404 1015
0:0:0:0:0:0:0:1 - - [07/May/2018:15:11:41 -0300] "GET /Pedro-ExerciciosCap11-/loginForm HTTP/1.1" 404 1015
127.0.0.1 - - [07/May/2018:15:11:41 -0300] "GET / HTTP/1.1" 200 11217
0:0:0:0:0:0:0:1 - - [07/May/2018:15:16:41 -0300] "GET /Pedro-ExerciciosCap12-/loginForm HTTP/1.1" 404 1015
127.0.0.1 - - [07/May/2018:15:16:41 -0300] "GET / HTTP/1.1" 200 11217
0:0:0:0:0:0:0:1 - - [07/May/2018:15:17:49 -0300] "GET /Pedro-ExerciciosCap12-/listaTarefas HTTP/1.1" 404 1021
127.0.0.1 - - [07/May/2018:15:18:13 -0300] "GET / HTTP/1.1" 200 11217
0:0:0:0:0:0:0:1 - - [07/May/2018:15:18:15 -0300] "GET /Pedro-ExerciciosCap12-/listaTarefas HTTP/1.1" 404 1021
0:0:0:0:0:0:0:1 - - [07/May/2018:15:18:16 -0300] "GET /Pedro-ExerciciosCap12-/listaTarefas HTTP/1.1" 404 1021
0:0:0:0:0:0:0:1 - - [07/May/2018:15:19:17 -0300] "GET /Pedro-ExerciciosCap11-/listaTarefas HTTP/1.1" 404 1021
127.0.0.1 - - [07/May/2018:15:19:48 -0300] "GET / HTTP/1.1" 200 11217
0:0:0:0:0:0:0:1 - - [07/May/2018:15:19:51 -0300] "GET /Pedro-ExerciciosCap11-/listaTarefas HTTP/1.1" 200 2249
0:0:0:0:0:0:0:1 - - [07/May/2018:15:19:57 -0300] "GET /Pedro-ExerciciosCap12-/listaTarefas HTTP/1.1" 404 1021
0:0:0:0:0:0:0:1 - - [07/May/2018:15:20:07 -0300] "GET /Pedro-ExerciciosCap12-/listaTarefas HTTP/1.1" 404 1021
0:0:0:0:0:0:0:1 - - [07/May/2018:15:20:15 -0300] "GET /Pedro-ExerciciosCap12-/listaTarefas HTTP/1.1" 404 1021
0:0:0:0:0:0:0:1 - - [07/May/2018:15:45:21 -0300] "GET /Pedro-ExerciciosCap12-/listaTarefas HTTP/1.1" 404 1021
0:0:0:0:0:0:0:1 - - [07/May/2018:15:45:22 -0300] "GET /favicon.ico HTTP/1.1" 200 21630
0:0:0:0:0:0:0:1 - - [07/May/2018:15:46:41 -0300] "GET /Pedro-ExerciciosCap12-/olaMundoSpring HTTP/1.1" 404 1025
0:0:0:0:0:0:0:1 - - [07/May/2018:15:46:45 -0300] "GET /Pedro-ExerciciosCap12-/olaMundoSpring HTTP/1.1" 404 1025
0:0:0:0:0:0:0:1 - - [07/May/2018:15:46:57 -0300] "GET /Pedro-ExerciciosCap12-/olaMundoSpring HTTP/1.1" 404 1025
0:0:0:0:0:0:0:1 - - [07/May/2018:15:50:00 -0300] "GET /Pedro-ExerciciosCap12-/olaMundoSpring HTTP/1.1" 404 1025
0:0:0:0:0:0:0:1 - - [07/May/2018:15:50:00 -0300] "GET /Pedro-ExerciciosCap12-/olaMundoSpring HTTP/1.1" 404 1025
127.0.0.1 - - [07/May/2018:15:50:01 -0300] "GET / HTTP/1.1" 200 11217
0:0:0:0:0:0:0:1 - - [07/May/2018:15:50:13 -0300] "GET /Pedro-ExerciciosCap12-/listaTarefas HTTP/1.1" 404 1021
0:0:0:0:0:0:0:1 - - [07/May/2018:15:51:39 -0300] "GET /Pedro-ExerciciosCap11-/listaTarefas HTTP/1.1" 200 2249
127.0.0.1 - - [07/May/2018:15:54:20 -0300] "GET / HTTP/1.1" 200 11217
0:0:0:0:0:0:0:1 - - [07/May/2018:15:54:22 -0300] "GET /Pedro-ExerciciosCap12-/listaTarefas HTTP/1.1" 200 2249
0:0:0:0:0:0:0:1 - - [07/May/2018:15:54:22 -0300] "GET /Pedro-ExerciciosCap12-/resources/js/jquery.js HTTP/1.1" 200 293430
0:0:0:0:0:0:0:1 - - [07/May/2018:15:54:41 -0300] "GET /Pedro-ExerciciosCap12-/loginForm HTTP/1.1" 200 502
0:0:0:0:0:0:0:1 - - [07/May/2018:15:57:08 -0300] "POST /Pedro-ExerciciosCap12-/efetuaLogin HTTP/1.1" 200 394
0:0:0:0:0:0:0:1 - - [07/May/2018:15:57:16 -0300] "GET /Pedro-ExerciciosCap12-/listaTarefas HTTP/1.1" 200 2249
0:0:0:0:0:0:0:1 - - [07/May/2018:15:57:36 -0300] "GET /Pedro-ExerciciosCap12-/mostraTarefa?id=7 HTTP/1.1" 200 1072
0:0:0:0:0:0:0:1 - - [07/May/2018:15:57:36 -0300] "GET /Pedro-ExerciciosCap12-/JS/jquery-ui.min.css HTTP/1.1" 200 30747
0:0:0:0:0:0:0:1 - - [07/May/2018:15:57:36 -0300] "GET /Pedro-ExerciciosCap12-/JS/jquery-ui.js HTTP/1.1" 200 520714
0:0:0:0:0:0:0:1 - - [07/May/2018:15:57:36 -0300] "GET /Pedro-ExerciciosCap12-/JS/external/jquery/jquery.js HTTP/1.1" 200 293430
0:0:0:0:0:0:0:1 - - [07/May/2018:15:57:40 -0300] "POST /Pedro-ExerciciosCap12-/alteraTarefa HTTP/1.1" 302 -
0:0:0:0:0:0:0:1 - - [07/May/2018:15:57:41 -0300] "GET /Pedro-ExerciciosCap12-/listaTarefas HTTP/1.1" 200 2300
0:0:0:0:0:0:0:1 - - [07/May/2018:15:57:43 -0300] "POST /Pedro-ExerciciosCap12-/finalizaTarefa HTTP/1.1" 200 17
0:0:0:0:0:0:0:1 - - [07/May/2018:16:08:58 -0300] "GET /Pedro-ExerciciosCap12-/listaTarefas HTTP/1.1" 500 25139
127.0.0.1 - - [07/May/2018:16:08:58 -0300] "GET / HTTP/1.1" 200 11217
0:0:0:0:0:0:0:1 - - [07/May/2018:16:09:04 -0300] "GET /Pedro-ExerciciosCap12-/listaTarefas HTTP/1.1" 500 25139
0:0:0:0:0:0:0:1 - - [07/May/2018:16:10:54 -0300] "GET /Pedro-ExerciciosCap12-/listaTarefas HTTP/1.1" 500 25139
127.0.0.1 - - [07/May/2018:16:11:10 -0300] "GET / HTTP/1.1" 200 11217
0:0:0:0:0:0:0:1 - - [07/May/2018:16:11:12 -0300] "GET /Pedro-ExerciciosCap12-/listaTarefas HTTP/1.1" 500 25139
127.0.0.1 - - [07/May/2018:16:13:46 -0300] "GET / HTTP/1.1" 200 11217
0:0:0:0:0:0:0:1 - - [07/May/2018:16:13:48 -0300] "GET /Pedro-ExerciciosCap12-/listaTarefas HTTP/1.1" 500 25139
0:0:0:0:0:0:0:1 - - [07/May/2018:16:13:52 -0300] "GET /Pedro-ExerciciosCap12-/listaTarefas HTTP/1.1" 500 25139
0:0:0:0:0:0:0:1 - - [07/May/2018:16:13:56 -0300] "GET /Pedro-ExerciciosCap12-/listaTarefas HTTP/1.1" 500 25139
127.0.0.1 - - [07/May/2018:16:14:55 -0300] "GET / HTTP/1.1" 200 11217
0:0:0:0:0:0:0:1 - - [07/May/2018:16:14:55 -0300] "GET /Pedro-ExerciciosCap12-/listaTarefas HTTP/1.1" 500 25139
0:0:0:0:0:0:0:1 - - [07/May/2018:16:18:55 -0300] "GET /Pedro-ExerciciosCap12-/listaTarefas HTTP/1.1" 500 25139
127.0.0.1 - - [07/May/2018:16:21:19 -0300] "GET / HTTP/1.1" 200 11217
0:0:0:0:0:0:0:1 - - [07/May/2018:16:21:19 -0300] "GET /Pedro-ExerciciosCap12-/listaTarefas HTTP/1.1" 500 25139
0:0:0:0:0:0:0:1 - - [07/May/2018:16:21:25 -0300] "GET /Pedro-ExerciciosCap12-/listaTarefas HTTP/1.1" 500 25139
127.0.0.1 - - [07/May/2018:16:24:33 -0300] "GET / HTTP/1.1" 200 11217
0:0:0:0:0:0:0:1 - - [07/May/2018:16:24:33 -0300] "GET /Pedro-ExerciciosCap12-/listaTarefas HTTP/1.1" 500 25139
0:0:0:0:0:0:0:1 - - [07/May/2018:16:24:36 -0300] "GET /Pedro-ExerciciosCap12-/listaTarefas HTTP/1.1" 500 25139
127.0.0.1 - - [07/May/2018:16:24:52 -0300] "GET / HTTP/1.1" 200 11217
127.0.0.1 - - [07/May/2018:16:27:46 -0300] "GET / HTTP/1.1" 200 11217
0:0:0:0:0:0:0:1 - - [07/May/2018:16:27:49 -0300] "GET /Pedro-ExerciciosCap12-/listaTarefas HTTP/1.1" 500 25139
0:0:0:0:0:0:0:1 - - [07/May/2018:16:28:23 -0300] "GET /Pedro-ExerciciosCap12-/listaTarefas HTTP/1.1" 500 25139
127.0.0.1 - - [07/May/2018:16:33:22 -0300] "GET / HTTP/1.1" 200 11217
0:0:0:0:0:0:0:1 - - [07/May/2018:16:33:23 -0300] "GET /Pedro-ExerciciosCap12-/listaTarefas HTTP/1.1" 200 2249
0:0:0:0:0:0:0:1 - - [07/May/2018:16:33:35 -0300] "GET /Pedro-ExerciciosCap12-/loginForm HTTP/1.1" 200 502
0:0:0:0:0:0:0:1 - - [07/May/2018:16:33:45 -0300] "POST /Pedro-ExerciciosCap12-/efetuaLogin HTTP/1.1" 200 394
0:0:0:0:0:0:0:1 - - [07/May/2018:16:33:47 -0300] "GET /Pedro-ExerciciosCap12-/listaTarefas HTTP/1.1" 200 2249
127.0.0.1 - - [07/May/2018:16:35:06 -0300] "GET / HTTP/1.1" 200 11217
0:0:0:0:0:0:0:1 - - [07/May/2018:16:35:09 -0300] "GET /Pedro-ExerciciosCap12-/listaTarefas HTTP/1.1" 500 25139
127.0.0.1 - - [07/May/2018:16:39:21 -0300] "GET / HTTP/1.1" 200 11217
127.0.0.1 - - [07/May/2018:16:39:39 -0300] "GET / HTTP/1.1" 200 11217
0:0:0:0:0:0:0:1 - - [07/May/2018:16:39:40 -0300] "GET /Pedro-ExerciciosCap12-/listaTarefas HTTP/1.1" 500 6632
127.0.0.1 - - [07/May/2018:16:45:19 -0300] "GET / HTTP/1.1" 200 11217
0:0:0:0:0:0:0:1 - - [07/May/2018:16:45:20 -0300] "GET /Pedro-ExerciciosCap12-/listaTarefas HTTP/1.1" 500 6632
127.0.0.1 - - [07/May/2018:16:55:45 -0300] "GET / HTTP/1.1" 200 11217
0:0:0:0:0:0:0:1 - - [07/May/2018:16:55:50 -0300] "GET /Pedro-ExerciciosCap12--/listaTarefas HTTP/1.1" 404 1023
0:0:0:0:0:0:0:1 - - [07/May/2018:16:55:54 -0300] "GET /Pedro-ExerciciosCap12--/listaTarefas HTTP/1.1" 404 1023
127.0.0.1 - - [07/May/2018:16:58:07 -0300] "GET / HTTP/1.1" 200 11217
0:0:0:0:0:0:0:1 - - [07/May/2018:16:58:35 -0300] "GET /Pedro-ExerciciosCap12--/listaTarefas HTTP/1.1" 404 1023
127.0.0.1 - - [07/May/2018:16:58:35 -0300] "GET / HTTP/1.1" 200 11217
127.0.0.1 - - [07/May/2018:16:58:55 -0300] "GET / HTTP/1.1" 200 11217
127.0.0.1 - - [07/May/2018:16:59:18 -0300] "GET / HTTP/1.1" 200 11217
0:0:0:0:0:0:0:1 - - [07/May/2018:16:59:26 -0300] "GET /Pedro-ExerciciosCap12--/listaTarefas HTTP/1.1" 404 1023
127.0.0.1 - - [07/May/2018:17:00:20 -0300] "GET / HTTP/1.1" 200 11217
0:0:0:0:0:0:0:1 - - [07/May/2018:17:01:00 -0300] "GET /Pedro-ExerciciosCap12--/listaTarefas HTTP/1.1" 404 1023
127.0.0.1 - - [07/May/2018:17:01:01 -0300] "GET / HTTP/1.1" 200 11217
0:0:0:0:0:0:0:1 - - [07/May/2018:17:02:59 -0300] "GET /Pedro-ExerciciosCap12--/login-form HTTP/1.1" 404 1019
0:0:0:0:0:0:0:1 - - [07/May/2018:17:03:06 -0300] "GET /Pedro-ExerciciosCap12--/loginForm HTTP/1.1" 404 1017
0:0:0:0:0:0:0:1 - - [07/May/2018:17:03:10 -0300] "GET /Pedro-ExerciciosCap12-/loginForm HTTP/1.1" 500 25139
0:0:0:0:0:0:0:1 - - [07/May/2018:17:08:54 -0300] "GET /Pedro-ExerciciosCap12--/loginForm HTTP/1.1" 404 1017
0:0:0:0:0:0:0:1 - - [07/May/2018:17:09:27 -0300] "GET /Pedro-ExerciciosCap12--/listaTarefas HTTP/1.1" 404 1023
0:0:0:0:0:0:0:1 - - [07/May/2018:17:09:43 -0300] "GET /Pedro-ExerciciosCap12--/listaTarefas HTTP/1.1" 404 1023
127.0.0.1 - - [07/May/2018:17:09:44 -0300] "GET / HTTP/1.1" 200 11217
0:0:0:0:0:0:0:1 - - [07/May/2018:17:09:51 -0300] "GET /Pedro-ExerciciosCap12-/listaTarefas HTTP/1.1" 500 25139
127.0.0.1 - - [07/May/2018:17:11:53 -0300] "GET / HTTP/1.1" 200 11217
0:0:0:0:0:0:0:1 - - [07/May/2018:17:11:55 -0300] "GET /Pedro-ExerciciosCap12-/listaTarefas HTTP/1.1" 200 2249
0:0:0:0:0:0:0:1 - - [07/May/2018:17:12:04 -0300] "GET /Pedro-ExerciciosCap12-/loginForm HTTP/1.1" 200 502
0:0:0:0:0:0:0:1 - - [07/May/2018:17:12:18 -0300] "POST /Pedro-ExerciciosCap12-/efetuaLogin HTTP/1.1" 200 433
0:0:0:0:0:0:0:1 - - [07/May/2018:17:12:26 -0300] "GET /Pedro-ExerciciosCap12-/logout HTTP/1.1" 302 -
0:0:0:0:0:0:0:1 - - [07/May/2018:17:12:26 -0300] "GET /Pedro-ExerciciosCap12-/loginForm HTTP/1.1" 200 502
0:0:0:0:0:0:0:1 - - [07/May/2018:17:12:51 -0300] "GET /Pedro-ExerciciosCap12--/loginForm HTTP/1.1" 404 1017
127.0.0.1 - - [07/May/2018:17:15:10 -0300] "GET / HTTP/1.1" 200 11217
0:0:0:0:0:0:0:1 - - [07/May/2018:17:15:31 -0300] "GET /Pedro-ExerciciosCap12-/loginForm HTTP/1.1" 200 502
0:0:0:0:0:0:0:1 - - [07/May/2018:17:15:33 -0300] "GET /Pedro-ExerciciosCap12--/loginForm HTTP/1.1" 404 1017
0:0:0:0:0:0:0:1 - - [07/May/2018:17:15:36 -0300] "GET /Pedro-ExerciciosCap12-/loginForm HTTP/1.1" 200 502
0:0:0:0:0:0:0:1 - - [07/May/2018:17:16:04 -0300] "GET /Pedro-ExerciciosCap12-/loginForm HTTP/1.1" 200 502
127.0.0.1 - - [07/May/2018:17:16:20 -0300] "GET / HTTP/1.1" 200 11217
0:0:0:0:0:0:0:1 - - [07/May/2018:17:16:20 -0300] "GET /Pedro-ExerciciosCap12-/loginForm HTTP/1.1" 500 25139
127.0.0.1 - - [07/May/2018:17:24:17 -0300] "GET / HTTP/1.1" 200 11217
0:0:0:0:0:0:0:1 - - [07/May/2018:17:24:38 -0300] "GET /Pedro-ExerciciosCap12--/listaTarefas HTTP/1.1" 404 1023
0:0:0:0:0:0:0:1 - - [07/May/2018:17:25:37 -0300] "GET /Pedro-ExerciciosCap12--/listaTarefas HTTP/1.1" 404 1023
127.0.0.1 - - [07/May/2018:17:26:02 -0300] "GET / HTTP/1.1" 200 11217
0:0:0:0:0:0:0:1 - - [07/May/2018:17:26:05 -0300] "GET /Pedro-ExerciciosCap12--/listaTarefas HTTP/1.1" 404 1023
0:0:0:0:0:0:0:1 - - [07/May/2018:17:26:11 -0300] "GET /Pedro-ExerciciosCap12--/listaTarefas HTTP/1.1" 404 1023
127.0.0.1 - - [07/May/2018:17:27:23 -0300] "GET / HTTP/1.1" 200 11217
127.0.0.1 - - [07/May/2018:17:27:41 -0300] "GET /Pedro-ExerciciosCap12--/ HTTP/1.1" 404 999
127.0.0.1 - - [07/May/2018:17:27:53 -0300] "GET /Pedro-ExerciciosCap12-/ HTTP/1.1" 500 25139
0:0:0:0:0:0:0:1 - - [07/May/2018:17:30:28 -0300] "GET /Pedro-ExerciciosCap12-/listaTarefas HTTP/1.1" 500 25139
127.0.0.1 - - [07/May/2018:17:40:16 -0300] "GET / HTTP/1.1" 200 11217
127.0.0.1 - - [07/May/2018:17:40:23 -0300] "GET /Pedro-ExerciciosCap12-/WEB-INF/web.xml HTTP/1.1" 404 949
0:0:0:0:0:0:0:1 - - [07/May/2018:17:40:27 -0300] "GET /Pedro-ExerciciosCap12-/listaTarefas HTTP/1.1" 500 25139
0:0:0:0:0:0:0:1 - - [07/May/2018:17:40:31 -0300] "GET /Pedro-ExerciciosCap12-/listaTarefas HTTP/1.1" 500 25139
127.0.0.1 - - [07/May/2018:17:41:00 -0300] "GET / HTTP/1.1" 200 11217
0:0:0:0:0:0:0:1 - - [07/May/2018:17:51:02 -0300] "GET /Pedro-ExerciciosCap12-/listaTarefas HTTP/1.1" 500 25139
127.0.0.1 - - [07/May/2018:17:51:02 -0300] "GET / HTTP/1.1" 200 11217
